// Jest Snapshot v1, https://goo.gl/fbAQLP

exports[`Home component Should render add user component properly 1`] = `
<DocumentFragment>
  <div />
</DocumentFragment>
`;
