// Jest Snapshot v1, https://goo.gl/fbAQLP

exports[`TopBar component Should render add user component properly 1`] = `
<DocumentFragment>
  <div
    class="button_icon"
  >
    <button
      class="btn btn-secondary"
    >
      <div />
      <div
        class="ml-2"
      />
    </button>
  </div>
</DocumentFragment>
`;
